Archive member included to satisfy reference by file (symbol)

C:/ST/STM32CubeIDE_1.13.0/STM32CubeIDE/plugins/com.st.stm32cube.ide.mcu.externaltools.gnu-tools-for-stm32.11.3.rel1.win32_1.1.0.202305231506/tools/bin/../lib/gcc/arm-none-eabi/11.3.1/../../../../arm-none-eabi/lib/thumb/v7e-m+fp/hard\libc_nano.a(libc_a-exit.o)
                              C:/ST/STM32CubeIDE_1.13.0/STM32CubeIDE/plugins/com.st.stm32cube.ide.mcu.externaltools.gnu-tools-for-stm32.11.3.rel1.win32_1.1.0.202305231506/tools/bin/../lib/gcc/arm-none-eabi/11.3.1/../../../../arm-none-eabi/lib/thumb/v7e-m+fp/hard/crt0.o (exit)
C:/ST/STM32CubeIDE_1.13.0/STM32CubeIDE/plugins/com.st.stm32cube.ide.mcu.externaltools.gnu-tools-for-stm32.11.3.rel1.win32_1.1.0.202305231506/tools/bin/../lib/gcc/arm-none-eabi/11.3.1/../../../../arm-none-eabi/lib/thumb/v7e-m+fp/hard\libc_nano.a(libc_a-findfp.o)
                              C:/ST/STM32CubeIDE_1.13.0/STM32CubeIDE/plugins/com.st.stm32cube.ide.mcu.externaltools.gnu-tools-for-stm32.11.3.rel1.win32_1.1.0.202305231506/tools/bin/../lib/gcc/arm-none-eabi/11.3.1/../../../../arm-none-eabi/lib/thumb/v7e-m+fp/hard\libc_nano.a(libc_a-exit.o) (__stdio_exit_handler)
C:/ST/STM32CubeIDE_1.13.0/STM32CubeIDE/plugins/com.st.stm32cube.ide.mcu.externaltools.gnu-tools-for-stm32.11.3.rel1.win32_1.1.0.202305231506/tools/bin/../lib/gcc/arm-none-eabi/11.3.1/../../../../arm-none-eabi/lib/thumb/v7e-m+fp/hard\libc_nano.a(libc_a-fwalk.o)
                              C:/ST/STM32CubeIDE_1.13.0/STM32CubeIDE/plugins/com.st.stm32cube.ide.mcu.externaltools.gnu-tools-for-stm32.11.3.rel1.win32_1.1.0.202305231506/tools/bin/../lib/gcc/arm-none-eabi/11.3.1/../../../../arm-none-eabi/lib/thumb/v7e-m+fp/hard\libc_nano.a(libc_a-findfp.o) (_fwalk_sglue)
C:/ST/STM32CubeIDE_1.13.0/STM32CubeIDE/plugins/com.st.stm32cube.ide.mcu.externaltools.gnu-tools-for-stm32.11.3.rel1.win32_1.1.0.202305231506/tools/bin/../lib/gcc/arm-none-eabi/11.3.1/../../../../arm-none-eabi/lib/thumb/v7e-m+fp/hard\libc_nano.a(libc_a-stdio.o)
                              C:/ST/STM32CubeIDE_1.13.0/STM32CubeIDE/plugins/com.st.stm32cube.ide.mcu.externaltools.gnu-tools-for-stm32.11.3.rel1.win32_1.1.0.202305231506/tools/bin/../lib/gcc/arm-none-eabi/11.3.1/../../../../arm-none-eabi/lib/thumb/v7e-m+fp/hard\libc_nano.a(libc_a-findfp.o) (__sread)
C:/ST/STM32CubeIDE_1.13.0/STM32CubeIDE/plugins/com.st.stm32cube.ide.mcu.externaltools.gnu-tools-for-stm32.11.3.rel1.win32_1.1.0.202305231506/tools/bin/../lib/gcc/arm-none-eabi/11.3.1/../../../../arm-none-eabi/lib/thumb/v7e-m+fp/hard\libc_nano.a(libc_a-memset.o)
                              C:/ST/STM32CubeIDE_1.13.0/STM32CubeIDE/plugins/com.st.stm32cube.ide.mcu.externaltools.gnu-tools-for-stm32.11.3.rel1.win32_1.1.0.202305231506/tools/bin/../lib/gcc/arm-none-eabi/11.3.1/../../../../arm-none-eabi/lib/thumb/v7e-m+fp/hard/crt0.o (memset)
C:/ST/STM32CubeIDE_1.13.0/STM32CubeIDE/plugins/com.st.stm32cube.ide.mcu.externaltools.gnu-tools-for-stm32.11.3.rel1.win32_1.1.0.202305231506/tools/bin/../lib/gcc/arm-none-eabi/11.3.1/../../../../arm-none-eabi/lib/thumb/v7e-m+fp/hard\libc_nano.a(libc_a-closer.o)
                              C:/ST/STM32CubeIDE_1.13.0/STM32CubeIDE/plugins/com.st.stm32cube.ide.mcu.externaltools.gnu-tools-for-stm32.11.3.rel1.win32_1.1.0.202305231506/tools/bin/../lib/gcc/arm-none-eabi/11.3.1/../../../../arm-none-eabi/lib/thumb/v7e-m+fp/hard\libc_nano.a(libc_a-stdio.o) (_close_r)
C:/ST/STM32CubeIDE_1.13.0/STM32CubeIDE/plugins/com.st.stm32cube.ide.mcu.externaltools.gnu-tools-for-stm32.11.3.rel1.win32_1.1.0.202305231506/tools/bin/../lib/gcc/arm-none-eabi/11.3.1/../../../../arm-none-eabi/lib/thumb/v7e-m+fp/hard\libc_nano.a(libc_a-reent.o)
                              C:/ST/STM32CubeIDE_1.13.0/STM32CubeIDE/plugins/com.st.stm32cube.ide.mcu.externaltools.gnu-tools-for-stm32.11.3.rel1.win32_1.1.0.202305231506/tools/bin/../lib/gcc/arm-none-eabi/11.3.1/../../../../arm-none-eabi/lib/thumb/v7e-m+fp/hard\libc_nano.a(libc_a-closer.o) (errno)
C:/ST/STM32CubeIDE_1.13.0/STM32CubeIDE/plugins/com.st.stm32cube.ide.mcu.externaltools.gnu-tools-for-stm32.11.3.rel1.win32_1.1.0.202305231506/tools/bin/../lib/gcc/arm-none-eabi/11.3.1/../../../../arm-none-eabi/lib/thumb/v7e-m+fp/hard\libc_nano.a(libc_a-impure.o)
                              C:/ST/STM32CubeIDE_1.13.0/STM32CubeIDE/plugins/com.st.stm32cube.ide.mcu.externaltools.gnu-tools-for-stm32.11.3.rel1.win32_1.1.0.202305231506/tools/bin/../lib/gcc/arm-none-eabi/11.3.1/../../../../arm-none-eabi/lib/thumb/v7e-m+fp/hard\libc_nano.a(libc_a-reent.o) (_impure_ptr)
C:/ST/STM32CubeIDE_1.13.0/STM32CubeIDE/plugins/com.st.stm32cube.ide.mcu.externaltools.gnu-tools-for-stm32.11.3.rel1.win32_1.1.0.202305231506/tools/bin/../lib/gcc/arm-none-eabi/11.3.1/../../../../arm-none-eabi/lib/thumb/v7e-m+fp/hard\libc_nano.a(libc_a-lseekr.o)
[...]
Memory Configuration

Name             Origin             Length             Attributes
CCMRAM           0x0000000010000000 0x0000000000001000 xrw
RAM              0x0000000020000000 0x0000000000003000 xrw
FLASH            0x0000000008000000 0x0000000000010000 xr
*default*        0x0000000000000000 0xffffffffffffffff

Linker script and memory map

LOAD C:/ST/STM32CubeIDE_1.13.0/STM32CubeIDE/plugins/com.st.stm32cube.ide.mcu.externaltools.gnu-tools-for-stm32.11.3.rel1.win32_1.1.0.202305231506/tools/bin/../lib/gcc/arm-none-eabi/11.3.1/thumb/v7e-m+fp/hard/crti.o
LOAD C:/ST/STM32CubeIDE_1.13.0/STM32CubeIDE/plugins/com.st.stm32cube.ide.mcu.externaltools.gnu-tools-for-stm32.11.3.rel1.win32_1.1.0.202305231506/tools/bin/../lib/gcc/arm-none-eabi/11.3.1/thumb/v7e-m+fp/hard/crtbegin.o
LOAD C:/ST/STM32CubeIDE_1.13.0/STM32CubeIDE/plugins/com.st.stm32cube.ide.mcu.externaltools.gnu-tools-for-stm32.11.3.rel1.win32_1.1.0.202305231506/tools/bin/../lib/gcc/arm-none-eabi/11.3.1/../../../../arm-none-eabi/lib/thumb/v7e-m+fp/hard/crt0.o
LOAD ./Core/Inc/xprintf.o
LOAD ./Core/Src/main.o
LOAD ./Core/Src/stm32f3xx_hal_msp.o
LOAD ./Core/Src/stm32f3xx_it.o
LOAD ./Core/Src/syscalls.o
LOAD ./Core/Src/sysmem.o
LOAD ./Core/Src/system_stm32f3xx.o
LOAD ./Core/Startup/startup_stm32f303k8tx.o
LOAD ./Drivers/STM32F3xx_HAL_Driver/Src/stm32f3xx_hal.o
LOAD ./Drivers/STM32F3xx_HAL_Driver/Src/stm32f3xx_hal_can.o
LOAD ./Drivers/STM32F3xx_HAL_Driver/Src/stm32f3xx_hal_cortex.o
LOAD ./Drivers/STM32F3xx_HAL_Driver/Src/stm32f3xx_hal_dma.o
LOAD ./Drivers/STM32F3xx_HAL_Driver/Src/stm32f3xx_hal_exti.o
LOAD ./Drivers/STM32F3xx_HAL_Driver/Src/stm32f3xx_hal_flash.o
LOAD ./Drivers/STM32F3xx_HAL_Driver/Src/stm32f3xx_hal_flash_ex.o
LOAD ./Drivers/STM32F3xx_HAL_Driver/Src/stm32f3xx_hal_gpio.o
LOAD ./Drivers/STM32F3xx_HAL_Driver/Src/stm32f3xx_hal_i2c.o
LOAD ./Drivers/STM32F3xx_HAL_Driver/Src/stm32f3xx_hal_i2c_ex.o
LOAD ./Drivers/STM32F3xx_HAL_Driver/Src/stm32f3xx_hal_pwr.o
LOAD ./Drivers/STM32F3xx_HAL_Driver/Src/stm32f3xx_hal_pwr_ex.o
LOAD ./Drivers/STM32F3xx_HAL_Driver/Src/stm32f3xx_hal_rcc.o
LOAD ./Drivers/STM32F3xx_HAL_Driver/Src/stm32f3xx_hal_rcc_ex.o
LOAD ./Drivers/STM32F3xx_HAL_Driver/Src/stm32f3xx_hal_tim.o
LOAD ./Drivers/STM32F3xx_HAL_Driver/Src/stm32f3xx_hal_tim_ex.o
LOAD ./Drivers/STM32F3xx_HAL_Driver/Src/stm32f3xx_hal_uart.o
LOAD ./Drivers/STM32F3xx_HAL_Driver/Src/stm32f3xx_hal_uart_ex.o
START GROUP
LOAD C:/ST/STM32CubeIDE_1.13.0/STM32CubeIDE/plugins/com.st.stm32cube.ide.mcu.externaltools.gnu-tools-for-stm32.11.3.rel1.win32_1.1.0.202305231506/tools/bin/../lib/gcc/arm-none-eabi/11.3.1/../../../../arm-none-eabi/lib/thumb/v7e-m+fp/hard\libstdc++_nano.a
LOAD C:/ST/STM32CubeIDE_1.13.0/STM32CubeIDE/plugins/com.st.stm32cube.ide.mcu.externaltools.gnu-tools-for-stm32.11.3.rel1.win32_1.1.0.202305231506/tools/bin/../lib/gcc/arm-none-eabi/11.3.1/../../../../arm-none-eabi/lib/thumb/v7e-m+fp/hard\libsupc++_nano.a
END GROUP
LOAD C:/ST/STM32CubeIDE_1.13.0/STM32CubeIDE/plugins/com.st.stm32cube.ide.mcu.externaltools.gnu-tools-for-stm32.11.3.rel1.win32_1.1.0.202305231506/tools/bin/../lib/gcc/arm-none-eabi/11.3.1/../../../../arm-none-eabi/lib/thumb/v7e-m+fp/hard\libstdc++_nano.a
LOAD C:/ST/STM32CubeIDE_1.13.0/STM32CubeIDE/plugins/com.st.stm32cube.ide.mcu.externaltools.gnu-tools-for-stm32.11.3.rel1.win32_1.1.0.202305231506/tools/bin/../lib/gcc/arm-none-eabi/11.3.1/../../../../arm-none-eabi/lib/thumb/v7e-m+fp/hard\libm.a
LOAD C:/ST/STM32CubeIDE_1.13.0/STM32CubeIDE/plugins/com.st.stm32cube.ide.mcu.externaltools.gnu-tools-for-stm32.11.3.rel1.win32_1.1.0.202305231506/tools/bin/../lib/gcc/arm-none-eabi/11.3.1/../../../../arm-none-eabi/lib/thumb/v7e-m+fp/hard\libc_nano.a
START GROUP
LOAD C:/ST/STM32CubeIDE_1.13.0/STM32CubeIDE/plugins/com.st.stm32cube.ide.mcu.externaltools.gnu-tools-for-stm32.11.3.rel1.win32_1.1.0.202305231506/tools/bin/../lib/gcc/arm-none-eabi/11.3.1/thumb/v7e-m+fp/hard\libgcc.a
LOAD C:/ST/STM32CubeIDE_1.13.0/STM32CubeIDE/plugins/com.st.stm32cube.ide.mcu.externaltools.gnu-tools-for-stm32.11.3.rel1.win32_1.1.0.202305231506/tools/bin/../lib/gcc/arm-none-eabi/11.3.1/../../../../arm-none-eabi/lib/thumb/v7e-m+fp/hard\libc_nano.a
END GROUP
START GROUP
LOAD C:/ST/STM32CubeIDE_1.13.0/STM32CubeIDE/plugins/com.st.stm32cube.ide.mcu.externaltools.gnu-tools-for-stm32.11.3.rel1.win32_1.1.0.202305231506/tools/bin/../lib/gcc/arm-none-eabi/11.3.1/thumb/v7e-m+fp/hard\libgcc.a
LOAD C:/ST/STM32CubeIDE_1.13.0/STM32CubeIDE/plugins/com.st.stm32cube.ide.mcu.externaltools.gnu-tools-for-stm32.11.3.rel1.win32_1.1.0.202305231506/tools/bin/../lib/gcc/arm-none-eabi/11.3.1/../../../../arm-none-eabi/lib/thumb/v7e-m+fp/hard\libc_nano.a
LOAD C:/ST/STM32CubeIDE_1.13.0/STM32CubeIDE/plugins/com.st.stm32cube.ide.mcu.externaltools.gnu-tools-for-stm32.11.3.rel1.win32_1.1.0.202305231506/tools/bin/../lib/gcc/arm-none-eabi/11.3.1/../../../../arm-none-eabi/lib/thumb/v7e-m+fp/hard\libnosys.a
END GROUP
START GROUP
LOAD C:/ST/STM32CubeIDE_1.13.0/STM32CubeIDE/plugins/com.st.stm32cube.ide.mcu.externaltools.gnu-tools-for-stm32.11.3.rel1.win32_1.1.0.202305231506/tools/bin/../lib/gcc/arm-none-eabi/11.3.1/thumb/v7e-m+fp/hard\libgcc.a
LOAD C:/ST/STM32CubeIDE_1.13.0/STM32CubeIDE/plugins/com.st.stm32cube.ide.mcu.externaltools.gnu-tools-for-stm32.11.3.rel1.win32_1.1.0.202305231506/tools/bin/../lib/gcc/arm-none-eabi/11.3.1/../../../../arm-none-eabi/lib/thumb/v7e-m+fp/hard\libc_nano.a
LOAD C:/ST/STM32CubeIDE_1.13.0/STM32CubeIDE/plugins/com.st.stm32cube.ide.mcu.externaltools.gnu-tools-for-stm32.11.3.rel1.win32_1.1.0.202305231506/tools/bin/../lib/gcc/arm-none-eabi/11.3.1/../../../../arm-none-eabi/lib/thumb/v7e-m+fp/hard\libnosys.a
END GROUP
LOAD C:/ST/STM32CubeIDE_1.13.0/STM32CubeIDE/plugins/com.st.stm32cube.ide.mcu.externaltools.gnu-tools-for-stm32.11.3.rel1.win32_1.1.0.202305231506/tools/bin/../lib/gcc/arm-none-eabi/11.3.1/thumb/v7e-m+fp/hard/crtend.o
LOAD C:/ST/STM32CubeIDE_1.13.0/STM32CubeIDE/plugins/com.st.stm32cube.ide.mcu.externaltools.gnu-tools-for-stm32.11.3.rel1.win32_1.1.0.202305231506/tools/bin/../lib/gcc/arm-none-eabi/11.3.1/thumb/v7e-m+fp/hard/crtn.o
                0x0000000020003000                _estack = (ORIGIN (RAM) + LENGTH (RAM))
                0x0000000000000200                _Min_Heap_Size = 0x200
                0x0000000000000400                _Min_Stack_Size = 0x400

.isr_vector     0x0000000008000000      0x188
                0x0000000008000000                . = ALIGN (0x4)
 *(.isr_vector)
 .isr_vector    0x0000000008000000      0x188 ./Core/Startup/startup_stm32f303k8tx.o
                0x0000000008000000                g_pfnVectors
                0x0000000008000188                . = ALIGN (0x4)

.text           0x0000000008000188     0x4688
                0x0000000008000188                . = ALIGN (0x4)
 *(.text)
 .text          0x0000000008000188       0x40 C:/ST/STM32CubeIDE_1.13.0/STM32CubeIDE/plugins/com.st.stm32cube.ide.mcu.externaltools.gnu-tools-for-stm32.11.3.rel1.win32_1.1.0.202305231506/tools/bin/../lib/gcc/arm-none-eabi/11.3.1/thumb/v7e-m+fp/hard/crtbegin.o
 *(.text*)
 .text.init_xprintf
                0x00000000080001c8       0x2c ./Core/Inc/xprintf.o
                0x00000000080001c8                init_xprintf
 .text.uart_putc
                0x00000000080001f4       0x2c ./Core/Inc/xprintf.o
                0x00000000080001f4                uart_putc
 .text.xputc    0x0000000008000220       0x50 ./Core/Inc/xprintf.o
                0x0000000008000220                xputc
 .text.xputs    0x0000000008000270       0x2a ./Core/Inc/xprintf.o
                0x0000000008000270                xputs
 *fill*         0x000000000800029a        0x2 
 .text.xvprintf
                0x000000000800029c      0x2f4 ./Core/Inc/xprintf.o
 .text.xprintf  0x0000000008000590       0x24 ./Core/Inc/xprintf.o
                0x0000000008000590                xprintf
 .text.HAL_CAN_RxFifo0MsgPendingCallback
                0x00000000080005b4       0x50 ./Core/Src/main.o
                0x00000000080005b4                HAL_CAN_RxFifo0MsgPendingCallback
 .text.main     0x0000000008000604       0xe4 ./Core/Src/main.o
                0x0000000008000604                main
 .text.SystemClock_Config
                0x00000000080006e8       0x82 ./Core/Src/main.o
                0x00000000080006e8                SystemClock_Config
 *fill*         0x000000000800076a        0x2 
 .text.MX_CAN_Init
                0x000000000800076c       0x6c ./Core/Src/main.o
 .text.MX_USART2_UART_Init
                0x00000000080007d8       0x60 ./Core/Src/main.o
 .text.MX_DMA_Init
                0x0000000008000838       0x3c ./Core/Src/main.o
 .text.MX_GPIO_Init
                0x0000000008000874       0x48 ./Core/Src/main.o
 .text.Error_Handler
                0x00000000080008bc        0xa ./Core/Src/main.o
                0x00000000080008bc                Error_Handler
 *fill*         0x00000000080008c6        0x2 
 .text.HAL_MspInit
                0x00000000080008c8       0x48 ./Core/Src/stm32f3xx_hal_msp.o
                0x00000000080008c8                HAL_MspInit
 .text.HAL_CAN_MspInit
                0x0000000008000910       0x98 ./Core/Src/stm32f3xx_hal_msp.o
                0x0000000008000910                HAL_CAN_MspInit
 .text.HAL_UART_MspInit
                0x00000000080009a8       0xec ./Core/Src/stm32f3xx_hal_msp.o
                0x00000000080009a8                HAL_UART_MspInit
 .text.NMI_Handler
                0x0000000008000a94        0x6 ./Core/Src/stm32f3xx_it.o
                0x0000000008000a94                NMI_Handler
 .text.HardFault_Handler
                0x0000000008000a9a        0x6 ./Core/Src/stm32f3xx_it.o
                0x0000000008000a9a                HardFault_Handler
 .text.MemManage_Handler
                0x0000000008000aa0        0x6 ./Core/Src/stm32f3xx_it.o
                0x0000000008000aa0                MemManage_Handler
 .text.BusFault_Handler
                0x0000000008000aa6        0x6 ./Core/Src/stm32f3xx_it.o
                0x0000000008000aa6                BusFault_Handler
 .text.UsageFault_Handler
                0x0000000008000aac        0x6 ./Core/Src/stm32f3xx_it.o
                0x0000000008000aac                UsageFault_Handler
 .text.SVC_Handler
                0x0000000008000ab2        0xe ./Core/Src/stm32f3xx_it.o
                0x0000000008000ab2                SVC_Handler
 .text.DebugMon_Handler
                0x0000000008000ac0        0xe ./Core/Src/stm32f3xx_it.o
                0x0000000008000ac0                DebugMon_Handler
 .text.PendSV_Handler
                0x0000000008000ace        0xe ./Core/Src/stm32f3xx_it.o
                0x0000000008000ace                PendSV_Handler
 .text.SysTick_Handler
                0x0000000008000adc        0xc ./Core/Src/stm32f3xx_it.o
                0x0000000008000adc                SysTick_Handler
 .text.DMA1_Channel7_IRQHandler
                0x0000000008000ae8       0x14 ./Core/Src/stm32f3xx_it.o
                0x0000000008000ae8                DMA1_Channel7_IRQHandler
 .text.CAN_RX0_IRQHandler
                0x0000000008000afc       0x14 ./Core/Src/stm32f3xx_it.o
                0x0000000008000afc                CAN_RX0_IRQHandler
 .text.USART2_IRQHandler
                0x0000000008000b10       0x14 ./Core/Src/stm32f3xx_it.o
                0x0000000008000b10                USART2_IRQHandler
 .text.SystemInit
                0x0000000008000b24       0x24 ./Core/Src/system_stm32f3xx.o
                0x0000000008000b24                SystemInit
 .text.Reset_Handler
                0x0000000008000b48       0x50 ./Core/Startup/startup_stm32f303k8tx.o
                0x0000000008000b48                Reset_Handler
 .text.Default_Handler
                0x0000000008000b98        0x2 ./Core/Startup/startup_stm32f303k8tx.o
                0x0000000008000b98                RTC_Alarm_IRQHandler
                0x0000000008000b98                TIM1_CC_IRQHandler
                0x0000000008000b98                PVD_IRQHandler
                0x0000000008000b98                TAMP_STAMP_IRQHandler
                0x0000000008000b98                EXTI3_IRQHandler
                0x0000000008000b98                EXTI0_IRQHandler
                0x0000000008000b98                FPU_IRQHandler
                0x0000000008000b98                CAN_TX_IRQHandler
                0x0000000008000b98                TIM1_UP_TIM16_IRQHandler
                0x0000000008000b98                ADC1_2_IRQHandler
                0x0000000008000b98                SPI1_IRQHandler
                0x0000000008000b98                CAN_SCE_IRQHandler
                0x0000000008000b98                DMA1_Channel4_IRQHandler
                0x0000000008000b98                USART3_IRQHandler
                0x0000000008000b98                TIM7_DAC2_IRQHandler
                0x0000000008000b98                CAN_RX1_IRQHandler
                0x0000000008000b98                I2C1_EV_IRQHandler
                0x0000000008000b98                DMA1_Channel6_IRQHandler
                0x0000000008000b98                TIM3_IRQHandler
                0x0000000008000b98                RCC_IRQHandler
                0x0000000008000b98                DMA1_Channel1_IRQHandler
                0x0000000008000b98                Default_Handler
                0x0000000008000b98                EXTI15_10_IRQHandler
                0x0000000008000b98                COMP2_IRQHandler
                0x0000000008000b98                TIM6_DAC1_IRQHandler
                0x0000000008000b98                EXTI9_5_IRQHandler
                0x0000000008000b98                RTC_WKUP_IRQHandler
                0x0000000008000b98                DMA1_Channel5_IRQHandler
                0x0000000008000b98                EXTI4_IRQHandler
                0x0000000008000b98                TIM1_TRG_COM_TIM17_IRQHandler
                0x0000000008000b98                DMA1_Channel3_IRQHandler
                0x0000000008000b98                WWDG_IRQHandler
                0x0000000008000b98                TIM2_IRQHandler
                0x0000000008000b98                EXTI1_IRQHandler
                0x0000000008000b98                COMP4_6_IRQHandler
                0x0000000008000b98                DMA1_Channel2_IRQHandler
                0x0000000008000b98                FLASH_IRQHandler
                0x0000000008000b98                USART1_IRQHandler
                0x0000000008000b98                I2C1_ER_IRQHandler
                0x0000000008000b98                EXTI2_TSC_IRQHandler
                0x0000000008000b98                TIM1_BRK_TIM15_IRQHandler
 *fill*         0x0000000008000b9a        0x2 
 .text.HAL_Init
                0x0000000008000b9c       0x2c ./Drivers/STM32F3xx_HAL_Driver/Src/stm32f3xx_hal.o
                0x0000000008000b9c                HAL_Init
 .text.HAL_InitTick
                0x0000000008000bc8       0x60 ./Drivers/STM32F3xx_HAL_Driver/Src/stm32f3xx_hal.o
                0x0000000008000bc8                HAL_InitTick
 .text.HAL_IncTick
                0x0000000008000c28       0x28 ./Drivers/STM32F3xx_HAL_Driver/Src/stm32f3xx_hal.o
                0x0000000008000c28                HAL_IncTick
 .text.HAL_GetTick
                0x0000000008000c50       0x18 ./Drivers/STM32F3xx_HAL_Driver/Src/stm32f3xx_hal.o
                0x0000000008000c50                HAL_GetTick
 .text.HAL_Delay
                0x0000000008000c68       0x48 ./Drivers/STM32F3xx_HAL_Driver/Src/stm32f3xx_hal.o
                0x0000000008000c68                HAL_Delay
 .text.HAL_CAN_Init
                0x0000000008000cb0      0x1f6 ./Drivers/STM32F3xx_HAL_Driver/Src/stm32f3xx_hal_can.o
                0x0000000008000cb0                HAL_CAN_Init
 .text.HAL_CAN_Start
                0x0000000008000ea6       0x88 ./Drivers/STM32F3xx_HAL_Driver/Src/stm32f3xx_hal_can.o
                0x0000000008000ea6                HAL_CAN_Start
 .text.HAL_CAN_AddTxMessage
                0x0000000008000f2e      0x1a0 ./Drivers/STM32F3xx_HAL_Driver/Src/stm32f3xx_hal_can.o
                0x0000000008000f2e                HAL_CAN_AddTxMessage
 .text.HAL_CAN_GetTxMailboxesFreeLevel
                0x00000000080010ce       0x6a ./Drivers/STM32F3xx_HAL_Driver/Src/stm32f3xx_hal_can.o
                0x00000000080010ce                HAL_CAN_GetTxMailboxesFreeLevel
 .text.HAL_CAN_GetRxMessage
                0x0000000008001138      0x244 ./Drivers/STM32F3xx_HAL_Driver/Src/stm32f3xx_hal_can.o
                0x0000000008001138                HAL_CAN_GetRxMessage
 .text.HAL_CAN_ActivateNotification
                0x000000000800137c       0x4c ./Drivers/STM32F3xx_HAL_Driver/Src/stm32f3xx_hal_can.o
                0x000000000800137c                HAL_CAN_ActivateNotification
 .text.HAL_CAN_IRQHandler
                0x00000000080013c8      0x36e ./Drivers/STM32F3xx_HAL_Driver/Src/stm32f3xx_hal_can.o
                0x00000000080013c8                HAL_CAN_IRQHandler
 .text.HAL_CAN_TxMailbox0CompleteCallback
                0x0000000008001736       0x14 ./Drivers/STM32F3xx_HAL_Driver/Src/stm32f3xx_hal_can.o
                0x0000000008001736                HAL_CAN_TxMailbox0CompleteCallback
 .text.HAL_CAN_TxMailbox1CompleteCallback
                0x000000000800174a       0x14 ./Drivers/STM32F3xx_HAL_Driver/Src/stm32f3xx_hal_can.o
                0x000000000800174a                HAL_CAN_TxMailbox1CompleteCallback
 .text.HAL_CAN_TxMailbox2CompleteCallback
                0x000000000800175e       0x14 ./Drivers/STM32F3xx_HAL_Driver/Src/stm32f3xx_hal_can.o
                0x000000000800175e                HAL_CAN_TxMailbox2CompleteCallback
 .text.HAL_CAN_TxMailbox0AbortCallback
                0x0000000008001772       0x14 ./Drivers/STM32F3xx_HAL_Driver/Src/stm32f3xx_hal_can.o
                0x0000000008001772                HAL_CAN_TxMailbox0AbortCallback
 .text.HAL_CAN_TxMailbox1AbortCallback
                0x0000000008001786       0x14 ./Drivers/STM32F3xx_HAL_Driver/Src/stm32f3xx_hal_can.o
                0x0000000008001786                HAL_CAN_TxMailbox1AbortCallback
 .text.HAL_CAN_TxMailbox2AbortCallback
                0x000000000800179a       0x14 ./Drivers/STM32F3xx_HAL_Driver/Src/stm32f3xx_hal_can.o
                0x000000000800179a                HAL_CAN_TxMailbox2AbortCallback
 .text.HAL_CAN_RxFifo0FullCallback
                0x00000000080017ae       0x14 ./Drivers/STM32F3xx_HAL_Driver/Src/stm32f3xx_hal_can.o
                0x00000000080017ae                HAL_CAN_RxFifo0FullCallback
 .text.HAL_CAN_RxFifo1MsgPendingCallback
                0x00000000080017c2       0x14 ./Drivers/STM32F3xx_HAL_Driver/Src/stm32f3xx_hal_can.o
                0x00000000080017c2                HAL_CAN_RxFifo1MsgPendingCallback
 .text.HAL_CAN_RxFifo1FullCallback
                0x00000000080017d6       0x14 ./Drivers/STM32F3xx_HAL_Driver/Src/stm32f3xx_hal_can.o
                0x00000000080017d6                HAL_CAN_RxFifo1FullCallback
 .text.HAL_CAN_SleepCallback
                0x00000000080017ea       0x14 ./Drivers/STM32F3xx_HAL_Driver/Src/stm32f3xx_hal_can.o
                0x00000000080017ea                HAL_CAN_SleepCallback
 .text.HAL_CAN_WakeUpFromRxMsgCallback
                0x00000000080017fe       0x14 ./Drivers/STM32F3xx_HAL_Driver/Src/stm32f3xx_hal_can.o
                0x00000000080017fe                HAL_CAN_WakeUpFromRxMsgCallback
 .text.HAL_CAN_ErrorCallback
                0x0000000008001812       0x14 ./Drivers/STM32F3xx_HAL_Driver/Src/stm32f3xx_hal_can.o
                0x0000000008001812                HAL_CAN_ErrorCallback
 *fill*         0x0000000008001826        0x2 
 .text.__NVIC_SetPriorityGrouping
                0x0000000008001828       0x48 ./Drivers/STM32F3xx_HAL_Driver/Src/stm32f3xx_hal_cortex.o
 .text.__NVIC_GetPriorityGrouping
                0x0000000008001870       0x1c ./Drivers/STM32F3xx_HAL_Driver/Src/stm32f3xx_hal_cortex.o
 .text.__NVIC_EnableIRQ
                0x000000000800188c       0x3c ./Drivers/STM32F3xx_HAL_Driver/Src/stm32f3xx_hal_cortex.o
 .text.__NVIC_SetPriority
                0x00000000080018c8       0x54 ./Drivers/STM32F3xx_HAL_Driver/Src/stm32f3xx_hal_cortex.o
 .text.NVIC_EncodePriority
                0x000000000800191c       0x66 ./Drivers/STM32F3xx_HAL_Driver/Src/stm32f3xx_hal_cortex.o
 *fill*         0x0000000008001982        0x2 
 .text.SysTick_Config
                0x0000000008001984       0x44 ./Drivers/STM32F3xx_HAL_Driver/Src/stm32f3xx_hal_cortex.o
 .text.HAL_NVIC_SetPriorityGrouping
                0x00000000080019c8       0x16 ./Drivers/STM32F3xx_HAL_Driver/Src/stm32f3xx_hal_cortex.o
                0x00000000080019c8                HAL_NVIC_SetPriorityGrouping
 .text.HAL_NVIC_SetPriority
                0x00000000080019de       0x38 ./Drivers/STM32F3xx_HAL_Driver/Src/stm32f3xx_hal_cortex.o
                0x00000000080019de                HAL_NVIC_SetPriority
 .text.HAL_NVIC_EnableIRQ
                0x0000000008001a16       0x1c ./Drivers/STM32F3xx_HAL_Driver/Src/stm32f3xx_hal_cortex.o
                0x0000000008001a16                HAL_NVIC_EnableIRQ
 .text.HAL_SYSTICK_Config
                0x0000000008001a32       0x18 ./Drivers/STM32F3xx_HAL_Driver/Src/stm32f3xx_hal_cortex.o
                0x0000000008001a32                HAL_SYSTICK_Config
 .text.HAL_DMA_Init
                0x0000000008001a4a       0x8e ./Drivers/STM32F3xx_HAL_Driver/Src/stm32f3xx_hal_dma.o
                0x0000000008001a4a                HAL_DMA_Init
 .text.HAL_DMA_Start_IT
                0x0000000008001ad8       0xbe ./Drivers/STM32F3xx_HAL_Driver/Src/stm32f3xx_hal_dma.o
                0x0000000008001ad8                HAL_DMA_Start_IT
 .text.HAL_DMA_Abort
                0x0000000008001b96       0x72 ./Drivers/STM32F3xx_HAL_Driver/Src/stm32f3xx_hal_dma.o
                0x0000000008001b96                HAL_DMA_Abort
 .text.HAL_DMA_Abort_IT
                0x0000000008001c08       0x7c ./Drivers/STM32F3xx_HAL_Driver/Src/stm32f3xx_hal_dma.o
                0x0000000008001c08                HAL_DMA_Abort_IT
 .text.HAL_DMA_IRQHandler
                0x0000000008001c84      0x146 ./Drivers/STM32F3xx_HAL_Driver/Src/stm32f3xx_hal_dma.o
                0x0000000008001c84                HAL_DMA_IRQHandler
 .text.DMA_SetConfig
                0x0000000008001dca       0x5c ./Drivers/STM32F3xx_HAL_Driver/Src/stm32f3xx_hal_dma.o
 *fill*         0x0000000008001e26        0x2 
 .text.DMA_CalcBaseAndBitshift
                0x0000000008001e28       0x40 ./Drivers/STM32F3xx_HAL_Driver/Src/stm32f3xx_hal_dma.o
 .text.HAL_GPIO_Init
                0x0000000008001e68      0x2e4 ./Drivers/STM32F3xx_HAL_Driver/Src/stm32f3xx_hal_gpio.o
                0x0000000008001e68                HAL_GPIO_Init
 .text.HAL_RCC_OscConfig
                0x000000000800214c     0x107c ./Drivers/STM32F3xx_HAL_Driver/Src/stm32f3xx_hal_rcc.o
                0x000000000800214c                HAL_RCC_OscConfig
 .text.HAL_RCC_ClockConfig
                0x00000000080031c8      0x2f8 ./Drivers/STM32F3xx_HAL_Driver/Src/stm32f3xx_hal_rcc.o
                0x00000000080031c8                HAL_RCC_ClockConfig
 .text.HAL_RCC_GetSysClockFreq
                0x00000000080034c0       0xd4 ./Drivers/STM32F3xx_HAL_Driver/Src/stm32f3xx_hal_rcc.o
                0x00000000080034c0                HAL_RCC_GetSysClockFreq
 .text.HAL_RCC_GetHCLKFreq
                0x0000000008003594       0x18 ./Drivers/STM32F3xx_HAL_Driver/Src/stm32f3xx_hal_rcc.o
                0x0000000008003594                HAL_RCC_GetHCLKFreq
 .text.HAL_RCC_GetPCLK1Freq
                0x00000000080035ac       0x44 ./Drivers/STM32F3xx_HAL_Driver/Src/stm32f3xx_hal_rcc.o
                0x00000000080035ac                HAL_RCC_GetPCLK1Freq
 .text.HAL_RCC_GetPCLK2Freq
                0x00000000080035f0       0x44 ./Drivers/STM32F3xx_HAL_Driver/Src/stm32f3xx_hal_rcc.o
                0x00000000080035f0                HAL_RCC_GetPCLK2Freq
 .text.HAL_UART_Init
                0x0000000008003634       0x9c ./Drivers/STM32F3xx_HAL_Driver/Src/stm32f3xx_hal_uart.o
                0x0000000008003634                HAL_UART_Init
 .text.HAL_UART_Transmit
                0x00000000080036d0      0x114 ./Drivers/STM32F3xx_HAL_Driver/Src/stm32f3xx_hal_uart.o
                0x00000000080036d0                HAL_UART_Transmit
 .text.HAL_UART_Transmit_DMA
                0x00000000080037e4       0xf8 ./Drivers/STM32F3xx_HAL_Driver/Src/stm32f3xx_hal_uart.o
                0x00000000080037e4                HAL_UART_Transmit_DMA
 .text.HAL_UART_IRQHandler
                0x00000000080038dc      0x5cc ./Drivers/STM32F3xx_HAL_Driver/Src/stm32f3xx_hal_uart.o
                0x00000000080038dc                HAL_UART_IRQHandler
 .text.HAL_UART_TxCpltCallback
                0x0000000008003ea8       0x14 ./Drivers/STM32F3xx_HAL_Driver/Src/stm32f3xx_hal_uart.o
                0x0000000008003ea8                HAL_UART_TxCpltCallback
 .text.HAL_UART_TxHalfCpltCallback
                0x0000000008003ebc       0x14 ./Drivers/STM32F3xx_HAL_Driver/Src/stm32f3xx_hal_uart.o
                0x0000000008003ebc                HAL_UART_TxHalfCpltCallback
 .text.HAL_UART_ErrorCallback
                0x0000000008003ed0       0x14 ./Drivers/STM32F3xx_HAL_Driver/Src/stm32f3xx_hal_uart.o
                0x0000000008003ed0                HAL_UART_ErrorCallback
 .text.HAL_UARTEx_RxEventCallback
                0x0000000008003ee4       0x18 ./Drivers/STM32F3xx_HAL_Driver/Src/stm32f3xx_hal_uart.o
                0x0000000008003ee4                HAL_UARTEx_RxEventCallback
 .text.UART_SetConfig
                0x0000000008003efc      0x26c ./Drivers/STM32F3xx_HAL_Driver/Src/stm32f3xx_hal_uart.o
                0x0000000008003efc                UART_SetConfig
 .text.UART_AdvFeatureConfig
                0x0000000008004168      0x144 ./Drivers/STM32F3xx_HAL_Driver/Src/stm32f3xx_hal_uart.o
                0x0000000008004168                UART_AdvFeatureConfig
 .text.UART_CheckIdleState
                0x00000000080042ac      0x150 ./Drivers/STM32F3xx_HAL_Driver/Src/stm32f3xx_hal_uart.o
                0x00000000080042ac                UART_CheckIdleState
 .text.UART_WaitOnFlagUntilTimeout
                0x00000000080043fc       0xce ./Drivers/STM32F3xx_HAL_Driver/Src/stm32f3xx_hal_uart.o
                0x00000000080043fc                UART_WaitOnFlagUntilTimeout
 .text.UART_EndTxTransfer
                0x00000000080044ca       0x4c ./Drivers/STM32F3xx_HAL_Driver/Src/stm32f3xx_hal_uart.o
 .text.UART_EndRxTransfer
                0x0000000008004516       0xc8 ./Drivers/STM32F3xx_HAL_Driver/Src/stm32f3xx_hal_uart.o
 .text.UART_DMATransmitCplt
                0x00000000080045de       0x94 ./Drivers/STM32F3xx_HAL_Driver/Src/stm32f3xx_hal_uart.o
 .text.UART_DMATxHalfCplt
                0x0000000008004672       0x1c ./Drivers/STM32F3xx_HAL_Driver/Src/stm32f3xx_hal_uart.o
 .text.UART_DMAError
                0x000000000800468e       0x7e ./Drivers/STM32F3xx_HAL_Driver/Src/stm32f3xx_hal_uart.o
 .text.UART_DMAAbortOnError
                0x000000000800470c       0x2c ./Drivers/STM32F3xx_HAL_Driver/Src/stm32f3xx_hal_uart.o
 .text.UART_EndTransmit_IT
                0x0000000008004738       0x54 ./Drivers/STM32F3xx_HAL_Driver/Src/stm32f3xx_hal_uart.o
 .text.HAL_UARTEx_WakeupCallback
                0x000000000800478c       0x14 ./Drivers/STM32F3xx_HAL_Driver/Src/stm32f3xx_hal_uart_ex.o
                0x000000000800478c                HAL_UARTEx_WakeupCallback
 .text.memset   0x00000000080047a0       0x10 C:/ST/STM32CubeIDE_1.13.0/STM32CubeIDE/plugins/com.st.stm32cube.ide.mcu.externaltools.gnu-tools-for-stm32.11.3.rel1.win32_1.1.0.202305231506/tools/bin/../lib/gcc/arm-none-eabi/11.3.1/../../../../arm-none-eabi/lib/thumb/v7e-m+fp/hard\libc_nano.a(libc_a-memset.o)
                0x00000000080047a0                memset
 .text.__libc_init_array
                0x00000000080047b0       0x48 C:/ST/STM32CubeIDE_1.13.0/STM32CubeIDE/plugins/com.st.stm32cube.ide.mcu.externaltools.gnu-tools-for-stm32.11.3.rel1.win32_1.1.0.202305231506/tools/bin/../lib/gcc/arm-none-eabi/11.3.1/../../../../arm-none-eabi/lib/thumb/v7e-m+fp/hard\libc_nano.a(libc_a-init.o)
                0x00000000080047b0                __libc_init_array
 *(.glue_7)
 .glue_7        0x00000000080047f8        0x0 linker stubs
 *(.glue_7t)
 .glue_7t       0x00000000080047f8        0x0 linker stubs
 *(.eh_frame)
 .eh_frame      0x00000000080047f8        0x0 C:/ST/STM32CubeIDE_1.13.0/STM32CubeIDE/plugins/com.st.stm32cube.ide.mcu.externaltools.gnu-tools-for-stm32.11.3.rel1.win32_1.1.0.202305231506/tools/bin/../lib/gcc/arm-none-eabi/11.3.1/thumb/v7e-m+fp/hard/crtbegin.o
 *(.init)
 .init          0x00000000080047f8        0x4 C:/ST/STM32CubeIDE_1.13.0/STM32CubeIDE/plugins/com.st.stm32cube.ide.mcu.externaltools.gnu-tools-for-stm32.11.3.rel1.win32_1.1.0.202305231506/tools/bin/../lib/gcc/arm-none-eabi/11.3.1/thumb/v7e-m+fp/hard/crti.o
                0x00000000080047f8                _init
 .init          0x00000000080047fc        0x8 C:/ST/STM32CubeIDE_1.13.0/STM32CubeIDE/plugins/com.st.stm32cube.ide.mcu.externaltools.gnu-tools-for-stm32.11.3.rel1.win32_1.1.0.202305231506/tools/bin/../lib/gcc/arm-none-eabi/11.3.1/thumb/v7e-m+fp/hard/crtn.o
 *(.fini)
 .fini          0x0000000008004804        0x4 C:/ST/STM32CubeIDE_1.13.0/STM32CubeIDE/plugins/com.st.stm32cube.ide.mcu.externaltools.gnu-tools-for-stm32.11.3.rel1.win32_1.1.0.202305231506/tools/bin/../lib/gcc/arm-none-eabi/11.3.1/thumb/v7e-m+fp/hard/crti.o
                0x0000000008004804                _fini
 .fini          0x0000000008004808        0x8 C:/ST/STM32CubeIDE_1.13.0/STM32CubeIDE/plugins/com.st.stm32cube.ide.mcu.externaltools.gnu-tools-for-stm32.11.3.rel1.win32_1.1.0.202305231506/tools/bin/../lib/gcc/arm-none-eabi/11.3.1/thumb/v7e-m+fp/hard/crtn.o
                0x0000000008004810                . = ALIGN (0x4)
                0x0000000008004810                _etext = .

.vfp11_veneer   0x0000000008004810        0x0
 .vfp11_veneer  0x0000000008004810        0x0 linker stubs

.v4_bx          0x0000000008004810        0x0
 .v4_bx         0x0000000008004810        0x0 linker stubs

.iplt           0x0000000008004810        0x0
 .iplt          0x0000000008004810        0x0 C:/ST/STM32CubeIDE_1.13.0/STM32CubeIDE/plugins/com.st.stm32cube.ide.mcu.externaltools.gnu-tools-for-stm32.11.3.rel1.win32_1.1.0.202305231506/tools/bin/../lib/gcc/arm-none-eabi/11.3.1/thumb/v7e-m+fp/hard/crtbegin.o

.rodata         0x0000000008004810       0x58
                0x0000000008004810                . = ALIGN (0x4)
 *(.rodata)
 .rodata        0x0000000008004810       0x1e ./Core/Src/main.o
 *(.rodata*)
 *fill*         0x000000000800482e        0x2 
 .rodata.AHBPrescTable
                0x0000000008004830       0x10 ./Core/Src/system_stm32f3xx.o
                0x0000000008004830                AHBPrescTable
 .rodata.APBPrescTable
                0x0000000008004840        0x8 ./Core/Src/system_stm32f3xx.o
                0x0000000008004840                APBPrescTable
 .rodata.aPLLMULFactorTable
                0x0000000008004848       0x10 ./Drivers/STM32F3xx_HAL_Driver/Src/stm32f3xx_hal_rcc.o
 .rodata.aPredivFactorTable
                0x0000000008004858       0x10 ./Drivers/STM32F3xx_HAL_Driver/Src/stm32f3xx_hal_rcc.o
                0x0000000008004868                . = ALIGN (0x4)

.rel.dyn        0x0000000008004868        0x0
 .rel.iplt      0x0000000008004868        0x0 C:/ST/STM32CubeIDE_1.13.0/STM32CubeIDE/plugins/com.st.stm32cube.ide.mcu.externaltools.gnu-tools-for-stm32.11.3.rel1.win32_1.1.0.202305231506/tools/bin/../lib/gcc/arm-none-eabi/11.3.1/thumb/v7e-m+fp/hard/crtbegin.o

.ARM.extab      0x0000000008004868        0x0
                0x0000000008004868                . = ALIGN (0x4)
 *(.ARM.extab* .gnu.linkonce.armextab.*)
                0x0000000008004868                . = ALIGN (0x4)

.ARM            0x0000000008004868        0x0
                0x0000000008004868                . = ALIGN (0x4)
                0x0000000008004868                __exidx_start = .
 *(.ARM.exidx*)
                0x0000000008004868                __exidx_end = .
                0x0000000008004868                . = ALIGN (0x4)

.preinit_array  0x0000000008004868        0x0
                0x0000000008004868                . = ALIGN (0x4)
                0x0000000008004868                PROVIDE (__preinit_array_start = .)
 *(.preinit_array*)
                0x0000000008004868                PROVIDE (__preinit_array_end = .)
                0x0000000008004868                . = ALIGN (0x4)

.init_array     0x0000000008004868        0x4
                0x0000000008004868                . = ALIGN (0x4)
                0x0000000008004868                PROVIDE (__init_array_start = .)
 *(SORT_BY_NAME(.init_array.*))
 *(.init_array*)
 .init_array    0x0000000008004868        0x4 C:/ST/STM32CubeIDE_1.13.0/STM32CubeIDE/plugins/com.st.stm32cube.ide.mcu.externaltools.gnu-tools-for-stm32.11.3.rel1.win32_1.1.0.202305231506/tools/bin/../lib/gcc/arm-none-eabi/11.3.1/thumb/v7e-m+fp/hard/crtbegin.o
                0x000000000800486c                PROVIDE (__init_array_end = .)
                0x000000000800486c                . = ALIGN (0x4)

.fini_array     0x000000000800486c        0x4
                0x000000000800486c                . = ALIGN (0x4)
                [!provide]                        PROVIDE (__fini_array_start = .)
 *(SORT_BY_NAME(.fini_array.*))
 *(.fini_array*)
 .fini_array    0x000000000800486c        0x4 C:/ST/STM32CubeIDE_1.13.0/STM32CubeIDE/plugins/com.st.stm32cube.ide.mcu.externaltools.gnu-tools-for-stm32.11.3.rel1.win32_1.1.0.202305231506/tools/bin/../lib/gcc/arm-none-eabi/11.3.1/thumb/v7e-m+fp/hard/crtbegin.o
                [!provide]                        PROVIDE (__fini_array_end = .)
                0x0000000008004870                . = ALIGN (0x4)
                0x0000000008004870                _sidata = LOADADDR (.data)

.data           0x0000000020000000       0x20 load address 0x0000000008004870
                0x0000000020000000                . = ALIGN (0x4)
                0x0000000020000000                _sdata = .
 *(.data)
 *(.data*)
 .data.txBuff   0x0000000020000000       0x11 ./Core/Src/main.o
                0x0000000020000000                txBuff
 *fill*         0x0000000020000011        0x3 
 .data.SystemCoreClock
                0x0000000020000014        0x4 ./Core/Src/system_stm32f3xx.o
                0x0000000020000014                SystemCoreClock
 .data.uwTickPrio
                0x0000000020000018        0x4 ./Drivers/STM32F3xx_HAL_Driver/Src/stm32f3xx_hal.o
                0x0000000020000018                uwTickPrio
 .data.uwTickFreq
                0x000000002000001c        0x1 ./Drivers/STM32F3xx_HAL_Driver/Src/stm32f3xx_hal.o
                0x000000002000001c                uwTickFreq
 *(.RamFunc)
 *(.RamFunc*)
                0x0000000020000020                . = ALIGN (0x4)
 *fill*         0x000000002000001d        0x3 
                0x0000000020000020                _edata = .
                0x0000000008004890                _siccmram = LOADADDR (.ccmram)

.igot.plt       0x0000000020000020        0x0 load address 0x0000000008004890
 .igot.plt      0x0000000020000020        0x0 C:/ST/STM32CubeIDE_1.13.0/STM32CubeIDE/plugins/com.st.stm32cube.ide.mcu.externaltools.gnu-tools-for-stm32.11.3.rel1.win32_1.1.0.202305231506/tools/bin/../lib/gcc/arm-none-eabi/11.3.1/thumb/v7e-m+fp/hard/crtbegin.o

.ccmram         0x0000000010000000        0x0 load address 0x0000000008004890
                0x0000000010000000                . = ALIGN (0x4)
                0x0000000010000000                _sccmram = .
 *(.ccmram)
 *(.ccmram*)
                0x0000000010000000                . = ALIGN (0x4)
                0x0000000010000000                _eccmram = .
                0x0000000010000000                . = ALIGN (0x4)

.bss            0x0000000020000020      0x16c
                0x0000000020000020                _sbss = .
                0x0000000020000020                __bss_start__ = _sbss
 *(.bss)
 .bss           0x0000000020000020       0x1c C:/ST/STM32CubeIDE_1.13.0/STM32CubeIDE/plugins/com.st.stm32cube.ide.mcu.externaltools.gnu-tools-for-stm32.11.3.rel1.win32_1.1.0.202305231506/tools/bin/../lib/gcc/arm-none-eabi/11.3.1/thumb/v7e-m+fp/hard/crtbegin.o
 *(.bss*)
 .bss.huart_xprintf
                0x000000002000003c        0x4 ./Core/Inc/xprintf.o
                0x000000002000003c                huart_xprintf
 .bss.xfunc_out
                0x0000000020000040        0x4 ./Core/Inc/xprintf.o
                0x0000000020000040                xfunc_out
 .bss.outptr    0x0000000020000044        0x4 ./Core/Inc/xprintf.o
 .bss.hcan      0x0000000020000048       0x28 ./Core/Src/main.o
                0x0000000020000048                hcan
 .bss.huart2    0x0000000020000070       0x88 ./Core/Src/main.o
                0x0000000020000070                huart2
 .bss.hdma_usart2_tx
                0x00000000200000f8       0x44 ./Core/Src/main.o
                0x00000000200000f8                hdma_usart2_tx
 .bss.TxHeader  0x000000002000013c       0x18 ./Core/Src/main.o
                0x000000002000013c                TxHeader
 .bss.RxHeader  0x0000000020000154       0x1c ./Core/Src/main.o
                0x0000000020000154                RxHeader
 .bss.TxMailbox
                0x0000000020000170        0x4 ./Core/Src/main.o
                0x0000000020000170                TxMailbox
 .bss.TxData    0x0000000020000174        0x8 ./Core/Src/main.o
                0x0000000020000174                TxData
 .bss.RxData    0x000000002000017c        0x8 ./Core/Src/main.o
                0x000000002000017c                RxData
 .bss.cnt       0x0000000020000184        0x1 ./Core/Src/main.o
                0x0000000020000184                cnt
 *fill*         0x0000000020000185        0x3 
 .bss.uwTick    0x0000000020000188        0x4 ./Drivers/STM32F3xx_HAL_Driver/Src/stm32f3xx_hal.o
                0x0000000020000188                uwTick
 *(COMMON)
                0x000000002000018c                . = ALIGN (0x4)
                0x000000002000018c                _ebss = .
                0x000000002000018c                __bss_end__ = _ebss

._user_heap_stack
                0x000000002000018c      0x604
                0x0000000020000190                . = ALIGN (0x8)
 *fill*         0x000000002000018c        0x4 
                [!provide]                        PROVIDE (end = .)
                0x0000000020000190                PROVIDE (_end = .)
                0x0000000020000390                . = (. + _Min_Heap_Size)
 *fill*         0x0000000020000190      0x200 
                0x0000000020000790                . = (. + _Min_Stack_Size)
 *fill*         0x0000000020000390      0x400 
                0x0000000020000790                . = ALIGN (0x8)

/DISCARD/
 libc.a(*)
 libm.a(*)
 libgcc.a(*)

.ARM.attributes
                0x0000000000000000       0x30
 *(.ARM.attributes)
 .ARM.attributes
                0x0000000000000000       0x1e C:/ST/STM32CubeIDE_1.13.0/STM32CubeIDE/plugins/com.st.stm32cube.ide.mcu.externaltools.gnu-tools-for-stm32.11.3.rel1.win32_1.1.0.202305231506/tools/bin/../lib/gcc/arm-none-eabi/11.3.1/thumb/v7e-m+fp/hard/crti.o
 .ARM.attributes
                0x000000000000001e       0x34 C:/ST/STM32CubeIDE_1.13.0/STM32CubeIDE/plugins/com.st.stm32cube.ide.mcu.externaltools.gnu-tools-for-stm32.11.3.rel1.win32_1.1.0.202305231506/tools/bin/../lib/gcc/arm-none-eabi/11.3.1/thumb/v7e-m+fp/hard/crtbegin.o
 .ARM.attributes
                0x0000000000000052       0x34 ./Core/Inc/xprintf.o
 .ARM.attributes
                0x0000000000000086       0x34 ./Core/Src/main.o
 .ARM.attributes
                0x00000000000000ba       0x34 ./Core/Src/stm32f3xx_hal_msp.o
 .ARM.attributes
                0x00000000000000ee       0x34 ./Core/Src/stm32f3xx_it.o
 .ARM.attributes
                0x0000000000000122       0x34 ./Core/Src/system_stm32f3xx.o
 .ARM.attributes
                0x0000000000000156       0x21 ./Core/Startup/startup_stm32f303k8tx.o
 .ARM.attributes
                0x0000000000000177       0x34 ./Drivers/STM32F3xx_HAL_Driver/Src/stm32f3xx_hal.o
 .ARM.attributes
                0x00000000000001ab       0x34 ./Drivers/STM32F3xx_HAL_Driver/Src/stm32f3xx_hal_can.o
 .ARM.attributes
                0x00000000000001df       0x34 ./Drivers/STM32F3xx_HAL_Driver/Src/stm32f3xx_hal_cortex.o
 .ARM.attributes
                0x0000000000000213       0x34 ./Drivers/STM32F3xx_HAL_Driver/Src/stm32f3xx_hal_dma.o
 .ARM.attributes
                0x0000000000000247       0x34 ./Drivers/STM32F3xx_HAL_Driver/Src/stm32f3xx_hal_gpio.o
 .ARM.attributes
                0x000000000000027b       0x34 ./Drivers/STM32F3xx_HAL_Driver/Src/stm32f3xx_hal_rcc.o
 .ARM.attributes
                0x00000000000002af       0x34 ./Drivers/STM32F3xx_HAL_Driver/Src/stm32f3xx_hal_uart.o
 .ARM.attributes
                0x00000000000002e3       0x34 ./Drivers/STM32F3xx_HAL_Driver/Src/stm32f3xx_hal_uart_ex.o
 .ARM.attributes
                0x0000000000000317       0x34 C:/ST/STM32CubeIDE_1.13.0/STM32CubeIDE/plugins/com.st.stm32cube.ide.mcu.externaltools.gnu-tools-for-stm32.11.3.rel1.win32_1.1.0.202305231506/tools/bin/../lib/gcc/arm-none-eabi/11.3.1/../../../../arm-none-eabi/lib/thumb/v7e-m+fp/hard\libc_nano.a(libc_a-memset.o)
 .ARM.attributes
                0x000000000000034b       0x34 C:/ST/STM32CubeIDE_1.13.0/STM32CubeIDE/plugins/com.st.stm32cube.ide.mcu.externaltools.gnu-tools-for-stm32.11.3.rel1.win32_1.1.0.202305231506/tools/bin/../lib/gcc/arm-none-eabi/11.3.1/../../../../arm-none-eabi/lib/thumb/v7e-m+fp/hard\libc_nano.a(libc_a-init.o)
 .ARM.attributes
                0x000000000000037f       0x1e C:/ST/STM32CubeIDE_1.13.0/STM32CubeIDE/plugins/com.st.stm32cube.ide.mcu.externaltools.gnu-tools-for-stm32.11.3.rel1.win32_1.1.0.202305231506/tools/bin/../lib/gcc/arm-none-eabi/11.3.1/thumb/v7e-m+fp/hard/crtn.o
OUTPUT(test.elf elf32-littlearm)
LOAD linker stubs
LOAD C:/ST/STM32CubeIDE_1.13.0/STM32CubeIDE/plugins/com.st.stm32cube.ide.mcu.externaltools.gnu-tools-for-stm32.11.3.rel1.win32_1.1.0.202305231506/tools/bin/../lib/gcc/arm-none-eabi/11.3.1/../../../../arm-none-eabi/lib/thumb/v7e-m+fp/hard\libc.a
LOAD C:/ST/STM32CubeIDE_1.13.0/STM32CubeIDE/plugins/com.st.stm32cube.ide.mcu.externaltools.gnu-tools-for-stm32.11.3.rel1.win32_1.1.0.202305231506/tools/bin/../lib/gcc/arm-none-eabi/11.3.1/../../../../arm-none-eabi/lib/thumb/v7e-m+fp/hard\libm.a
LOAD C:/ST/STM32CubeIDE_1.13.0/STM32CubeIDE/plugins/com.st.stm32cube.ide.mcu.externaltools.gnu-tools-for-stm32.11.3.rel1.win32_1.1.0.202305231506/tools/bin/../lib/gcc/arm-none-eabi/11.3.1/thumb/v7e-m+fp/hard\libgcc.a

.comment        0x0000000000000000       0x43
 .comment       0x0000000000000000       0x43 C:/ST/STM32CubeIDE_1.13.0/STM32CubeIDE/plugins/com.st.stm32cube.ide.mcu.externaltools.gnu-tools-for-stm32.11.3.rel1.win32_1.1.0.202305231506/tools/bin/../lib/gcc/arm-none-eabi/11.3.1/thumb/v7e-m+fp/hard/crtbegin.o
                                         0x44 (size before relaxing)
 .comment       0x0000000000000043       0x44 ./Core/Inc/xprintf.o
 .comment       0x0000000000000043       0x44 ./Core/Src/main.o
 .comment       0x0000000000000043       0x44 ./Core/Src/stm32f3xx_hal_msp.o
 .comment       0x0000000000000043       0x44 ./Core/Src/stm32f3xx_it.o
 .comment       0x0000000000000043       0x44 ./Core/Src/system_stm32f3xx.o
 .comment       0x0000000000000043       0x44 ./Drivers/STM32F3xx_HAL_Driver/Src/stm32f3xx_hal.o
 .comment       0x0000000000000043       0x44 ./Drivers/STM32F3xx_HAL_Driver/Src/stm32f3xx_hal_can.o
 .comment       0x0000000000000043       0x44 ./Drivers/STM32F3xx_HAL_Driver/Src/stm32f3xx_hal_cortex.o
 .comment       0x0000000000000043       0x44 ./Drivers/STM32F3xx_HAL_Driver/Src/stm32f3xx_hal_dma.o
 .comment       0x0000000000000043       0x44 ./Drivers/STM32F3xx_HAL_Driver/Src/stm32f3xx_hal_gpio.o
 .comment       0x0000000000000043       0x44 ./Drivers/STM32F3xx_HAL_Driver/Src/stm32f3xx_hal_rcc.o
 .comment       0x0000000000000043       0x44 ./Drivers/STM32F3xx_HAL_Driver/Src/stm32f3xx_hal_uart.o
 .comment       0x0000000000000043       0x44 ./Drivers/STM32F3xx_HAL_Driver/Src/stm32f3xx_hal_uart_ex.o

.debug_info     0x0000000000000000     0xc5c4
 .debug_info    0x0000000000000000      0xbde ./Core/Inc/xprintf.o
 .debug_info    0x0000000000000bde     0x1215 ./Core/Src/main.o
 .debug_info    0x0000000000001df3      0xf27 ./Core/Src/stm32f3xx_hal_msp.o
 .debug_info    0x0000000000002d1a      0xae7 ./Core/Src/stm32f3xx_it.o
 .debug_info    0x0000000000003801      0x407 ./Core/Src/system_stm32f3xx.o
 .debug_info    0x0000000000003c08       0x23 ./Core/Startup/startup_stm32f303k8tx.o
 .debug_info    0x0000000000003c2b      0x74a ./Drivers/STM32F3xx_HAL_Driver/Src/stm32f3xx_hal.o
 .debug_info    0x0000000000004375      0xf16 ./Drivers/STM32F3xx_HAL_Driver/Src/stm32f3xx_hal_can.o
 .debug_info    0x000000000000528b      0xa87 ./Drivers/STM32F3xx_HAL_Driver/Src/stm32f3xx_hal_cortex.o
 .debug_info    0x0000000000005d12      0x6e1 ./Drivers/STM32F3xx_HAL_Driver/Src/stm32f3xx_hal_dma.o
 .debug_info    0x00000000000063f3      0x6a6 ./Drivers/STM32F3xx_HAL_Driver/Src/stm32f3xx_hal_gpio.o
 .debug_info    0x0000000000006a99     0x14f1 ./Drivers/STM32F3xx_HAL_Driver/Src/stm32f3xx_hal_rcc.o
 .debug_info    0x0000000000007f8a     0x39a8 ./Drivers/STM32F3xx_HAL_Driver/Src/stm32f3xx_hal_uart.o
 .debug_info    0x000000000000b932      0xc92 ./Drivers/STM32F3xx_HAL_Driver/Src/stm32f3xx_hal_uart_ex.o

.debug_abbrev   0x0000000000000000     0x1e4a
 .debug_abbrev  0x0000000000000000      0x2c6 ./Core/Inc/xprintf.o
 .debug_abbrev  0x00000000000002c6      0x2ea ./Core/Src/main.o
 .debug_abbrev  0x00000000000005b0      0x221 ./Core/Src/stm32f3xx_hal_msp.o
 .debug_abbrev  0x00000000000007d1      0x1cc ./Core/Src/stm32f3xx_it.o
 .debug_abbrev  0x000000000000099d      0x11a ./Core/Src/system_stm32f3xx.o
 .debug_abbrev  0x0000000000000ab7       0x12 ./Core/Startup/startup_stm32f303k8tx.o
 .debug_abbrev  0x0000000000000ac9      0x215 ./Drivers/STM32F3xx_HAL_Driver/Src/stm32f3xx_hal.o
 .debug_abbrev  0x0000000000000cde      0x20d ./Drivers/STM32F3xx_HAL_Driver/Src/stm32f3xx_hal_can.o
 .debug_abbrev  0x0000000000000eeb      0x2f8 ./Drivers/STM32F3xx_HAL_Driver/Src/stm32f3xx_hal_cortex.o
 .debug_abbrev  0x00000000000011e3      0x20d ./Drivers/STM32F3xx_HAL_Driver/Src/stm32f3xx_hal_dma.o
 .debug_abbrev  0x00000000000013f0      0x1ca ./Drivers/STM32F3xx_HAL_Driver/Src/stm32f3xx_hal_gpio.o
 .debug_abbrev  0x00000000000015ba      0x300 ./Drivers/STM32F3xx_HAL_Driver/Src/stm32f3xx_hal_rcc.o
 .debug_abbrev  0x00000000000018ba      0x2d1 ./Drivers/STM32F3xx_HAL_Driver/Src/stm32f3xx_hal_uart.o
 .debug_abbrev  0x0000000000001b8b      0x2bf ./Drivers/STM32F3xx_HAL_Driver/Src/stm32f3xx_hal_uart_ex.o

.debug_aranges  0x0000000000000000      0x908
 .debug_aranges
                0x0000000000000000       0x90 ./Core/Inc/xprintf.o
 .debug_aranges
                0x0000000000000090       0x58 ./Core/Src/main.o
 .debug_aranges
                0x00000000000000e8       0x40 ./Core/Src/stm32f3xx_hal_msp.o
 .debug_aranges
                0x0000000000000128       0x78 ./Core/Src/stm32f3xx_it.o
 .debug_aranges
                0x00000000000001a0       0x28 ./Core/Src/system_stm32f3xx.o
 .debug_aranges
                0x00000000000001c8       0x28 ./Core/Startup/startup_stm32f303k8tx.o
 .debug_aranges
                0x00000000000001f0       0xe0 ./Drivers/STM32F3xx_HAL_Driver/Src/stm32f3xx_hal.o
 .debug_aranges
                0x00000000000002d0      0x138 ./Drivers/STM32F3xx_HAL_Driver/Src/stm32f3xx_hal_can.o
 .debug_aranges
                0x0000000000000408      0x100 ./Drivers/STM32F3xx_HAL_Driver/Src/stm32f3xx_hal_cortex.o
 .debug_aranges
                0x0000000000000508       0x88 ./Drivers/STM32F3xx_HAL_Driver/Src/stm32f3xx_hal_dma.o
 .debug_aranges
                0x0000000000000590       0x58 ./Drivers/STM32F3xx_HAL_Driver/Src/stm32f3xx_hal_gpio.o
 .debug_aranges
                0x00000000000005e8       0x88 ./Drivers/STM32F3xx_HAL_Driver/Src/stm32f3xx_hal_rcc.o
 .debug_aranges
                0x0000000000000670      0x228 ./Drivers/STM32F3xx_HAL_Driver/Src/stm32f3xx_hal_uart.o
 .debug_aranges
                0x0000000000000898       0x70 ./Drivers/STM32F3xx_HAL_Driver/Src/stm32f3xx_hal_uart_ex.o

.debug_rnglists
                0x0000000000000000      0x6e7
 .debug_rnglists
                0x0000000000000000       0x6b ./Core/Inc/xprintf.o
 .debug_rnglists
                0x000000000000006b       0x3f ./Core/Src/main.o
 .debug_rnglists
                0x00000000000000aa       0x2d ./Core/Src/stm32f3xx_hal_msp.o
 .debug_rnglists
                0x00000000000000d7       0x55 ./Core/Src/stm32f3xx_it.o
 .debug_rnglists
                0x000000000000012c       0x1a ./Core/Src/system_stm32f3xx.o
 .debug_rnglists
                0x0000000000000146       0x19 ./Core/Startup/startup_stm32f303k8tx.o
 .debug_rnglists
                0x000000000000015f       0xa3 ./Drivers/STM32F3xx_HAL_Driver/Src/stm32f3xx_hal.o
 .debug_rnglists
                0x0000000000000202       0xee ./Drivers/STM32F3xx_HAL_Driver/Src/stm32f3xx_hal_can.o
 .debug_rnglists
                0x00000000000002f0       0xbb ./Drivers/STM32F3xx_HAL_Driver/Src/stm32f3xx_hal_cortex.o
 .debug_rnglists
                0x00000000000003ab       0x69 ./Drivers/STM32F3xx_HAL_Driver/Src/stm32f3xx_hal_dma.o
 .debug_rnglists
                0x0000000000000414       0x3f ./Drivers/STM32F3xx_HAL_Driver/Src/stm32f3xx_hal_gpio.o
 .debug_rnglists
                0x0000000000000453       0x66 ./Drivers/STM32F3xx_HAL_Driver/Src/stm32f3xx_hal_rcc.o
 .debug_rnglists
                0x00000000000004b9      0x1da ./Drivers/STM32F3xx_HAL_Driver/Src/stm32f3xx_hal_uart.o
 .debug_rnglists
                0x0000000000000693       0x54 ./Drivers/STM32F3xx_HAL_Driver/Src/stm32f3xx_hal_uart_ex.o

.debug_macro    0x0000000000000000    0x1aeb1
 .debug_macro   0x0000000000000000      0x2a9 ./Core/Inc/xprintf.o
 .debug_macro   0x00000000000002a9      0xaa8 ./Core/Inc/xprintf.o
 .debug_macro   0x0000000000000d51       0x28 ./Core/Inc/xprintf.o
 .debug_macro   0x0000000000000d79      0x157 ./Core/Inc/xprintf.o
 .debug_macro   0x0000000000000ed0       0x2e ./Core/Inc/xprintf.o
 .debug_macro   0x0000000000000efe       0x28 ./Core/Inc/xprintf.o
 .debug_macro   0x0000000000000f26       0x22 ./Core/Inc/xprintf.o
 .debug_macro   0x0000000000000f48       0x8e ./Core/Inc/xprintf.o
 .debug_macro   0x0000000000000fd6       0x51 ./Core/Inc/xprintf.o
 .debug_macro   0x0000000000001027      0x103 ./Core/Inc/xprintf.o
 .debug_macro   0x000000000000112a       0x6a ./Core/Inc/xprintf.o
 .debug_macro   0x0000000000001194      0x1df ./Core/Inc/xprintf.o
 .debug_macro   0x0000000000001373       0x1c ./Core/Inc/xprintf.o
 .debug_macro   0x000000000000138f       0x22 ./Core/Inc/xprintf.o
 .debug_macro   0x00000000000013b1       0xd9 ./Core/Inc/xprintf.o
 .debug_macro   0x000000000000148a      0xf07 ./Core/Inc/xprintf.o
 .debug_macro   0x0000000000002391    0x10be0 ./Core/Inc/xprintf.o
 .debug_macro   0x0000000000012f71       0x6d ./Core/Inc/xprintf.o
 .debug_macro   0x0000000000012fde     0x3558 ./Core/Inc/xprintf.o
 .debug_macro   0x0000000000016536      0x174 ./Core/Inc/xprintf.o
 .debug_macro   0x00000000000166aa       0x55 ./Core/Inc/xprintf.o
 .debug_macro   0x00000000000166ff      0x8f8 ./Core/Inc/xprintf.o
 .debug_macro   0x0000000000016ff7      0x304 ./Core/Inc/xprintf.o
 .debug_macro   0x00000000000172fb      0x1b5 ./Core/Inc/xprintf.o
 .debug_macro   0x00000000000174b0      0x11b ./Core/Inc/xprintf.o
 .debug_macro   0x00000000000175cb      0x1d5 ./Core/Inc/xprintf.o
 .debug_macro   0x00000000000177a0      0x1bc ./Core/Inc/xprintf.o
 .debug_macro   0x000000000001795c       0x34 ./Core/Inc/xprintf.o
 .debug_macro   0x0000000000017990       0x3c ./Core/Inc/xprintf.o
 .debug_macro   0x00000000000179cc       0x57 ./Core/Inc/xprintf.o
 .debug_macro   0x0000000000017a23      0x408 ./Core/Inc/xprintf.o
 .debug_macro   0x0000000000017e2b       0xc5 ./Core/Inc/xprintf.o
 .debug_macro   0x0000000000017ef0      0x19f ./Core/Inc/xprintf.o
 .debug_macro   0x000000000001808f      0x22c ./Core/Inc/xprintf.o
 .debug_macro   0x00000000000182bb       0x5b ./Core/Inc/xprintf.o
 .debug_macro   0x0000000000018316       0xa5 ./Core/Inc/xprintf.o
 .debug_macro   0x00000000000183bb       0x81 ./Core/Inc/xprintf.o
 .debug_macro   0x000000000001843c       0xd3 ./Core/Inc/xprintf.o
 .debug_macro   0x000000000001850f      0x5ba ./Core/Inc/xprintf.o
 .debug_macro   0x0000000000018ac9       0x44 ./Core/Inc/xprintf.o
 .debug_macro   0x0000000000018b0d      0x285 ./Core/Inc/xprintf.o
 .debug_macro   0x0000000000018d92       0x22 ./Core/Inc/xprintf.o
 .debug_macro   0x0000000000018db4       0x61 ./Core/Inc/xprintf.o
 .debug_macro   0x0000000000018e15       0x2a ./Core/Inc/xprintf.o
 .debug_macro   0x0000000000018e3f       0x43 ./Core/Inc/xprintf.o
 .debug_macro   0x0000000000018e82       0x34 ./Core/Inc/xprintf.o
 .debug_macro   0x0000000000018eb6       0x16 ./Core/Inc/xprintf.o
 .debug_macro   0x0000000000018ecc       0x43 ./Core/Inc/xprintf.o
 .debug_macro   0x0000000000018f0f       0x34 ./Core/Inc/xprintf.o
 .debug_macro   0x0000000000018f43       0x10 ./Core/Inc/xprintf.o
 .debug_macro   0x0000000000018f53       0x58 ./Core/Inc/xprintf.o
 .debug_macro   0x0000000000018fab       0x8e ./Core/Inc/xprintf.o
 .debug_macro   0x0000000000019039       0x1c ./Core/Inc/xprintf.o
 .debug_macro   0x0000000000019055      0x177 ./Core/Inc/xprintf.o
 .debug_macro   0x00000000000191cc      0x369 ./Core/Inc/xprintf.o
 .debug_macro   0x0000000000019535       0x10 ./Core/Inc/xprintf.o
 .debug_macro   0x0000000000019545       0x35 ./Core/Inc/xprintf.o
 .debug_macro   0x000000000001957a       0x20 ./Core/Inc/xprintf.o
 .debug_macro   0x000000000001959a       0x22 ./Core/Inc/xprintf.o
 .debug_macro   0x00000000000195bc       0x58 ./Core/Inc/xprintf.o
 .debug_macro   0x0000000000019614      0x2e9 ./Core/Src/main.o
 .debug_macro   0x00000000000198fd       0x40 ./Core/Src/main.o
 .debug_macro   0x000000000001993d       0x16 ./Core/Src/main.o
 .debug_macro   0x0000000000019953       0x10 ./Core/Src/main.o
 .debug_macro   0x0000000000019963       0x16 ./Core/Src/main.o
 .debug_macro   0x0000000000019979       0x16 ./Core/Src/main.o
 .debug_macro   0x000000000001998f      0x147 ./Core/Src/main.o
 .debug_macro   0x0000000000019ad6       0x16 ./Core/Src/main.o
 .debug_macro   0x0000000000019aec       0x20 ./Core/Src/main.o
 .debug_macro   0x0000000000019b0c      0x1ca ./Core/Src/stm32f3xx_hal_msp.o
 .debug_macro   0x0000000000019cd6      0x1d4 ./Core/Src/stm32f3xx_it.o
 .debug_macro   0x0000000000019eaa      0x1bb ./Core/Src/system_stm32f3xx.o
 .debug_macro   0x000000000001a065      0x1df ./Drivers/STM32F3xx_HAL_Driver/Src/stm32f3xx_hal.o
 .debug_macro   0x000000000001a244      0x1c3 ./Drivers/STM32F3xx_HAL_Driver/Src/stm32f3xx_hal_can.o
 .debug_macro   0x000000000001a407      0x1bb ./Drivers/STM32F3xx_HAL_Driver/Src/stm32f3xx_hal_cortex.o
 .debug_macro   0x000000000001a5c2      0x1bb ./Drivers/STM32F3xx_HAL_Driver/Src/stm32f3xx_hal_dma.o
 .debug_macro   0x000000000001a77d      0x1c2 ./Drivers/STM32F3xx_HAL_Driver/Src/stm32f3xx_hal_gpio.o
 .debug_macro   0x000000000001a93f      0x1df ./Drivers/STM32F3xx_HAL_Driver/Src/stm32f3xx_hal_rcc.o
 .debug_macro   0x000000000001ab1e      0x1d8 ./Drivers/STM32F3xx_HAL_Driver/Src/stm32f3xx_hal_uart.o
 .debug_macro   0x000000000001acf6      0x1bb ./Drivers/STM32F3xx_HAL_Driver/Src/stm32f3xx_hal_uart_ex.o

.debug_line     0x0000000000000000     0xc144
 .debug_line    0x0000000000000000      0xeb7 ./Core/Inc/xprintf.o
 .debug_line    0x0000000000000eb7      0xa7a ./Core/Src/main.o
 .debug_line    0x0000000000001931      0x80c ./Core/Src/stm32f3xx_hal_msp.o
 .debug_line    0x000000000000213d      0x853 ./Core/Src/stm32f3xx_it.o
 .debug_line    0x0000000000002990      0x7bf ./Core/Src/system_stm32f3xx.o
 .debug_line    0x000000000000314f       0x7a ./Core/Startup/startup_stm32f303k8tx.o
 .debug_line    0x00000000000031c9      0x9f4 ./Drivers/STM32F3xx_HAL_Driver/Src/stm32f3xx_hal.o
 .debug_line    0x0000000000003bbd     0x1199 ./Drivers/STM32F3xx_HAL_Driver/Src/stm32f3xx_hal_can.o
 .debug_line    0x0000000000004d56      0xbdc ./Drivers/STM32F3xx_HAL_Driver/Src/stm32f3xx_hal_cortex.o
 .debug_line    0x0000000000005932      0xce2 ./Drivers/STM32F3xx_HAL_Driver/Src/stm32f3xx_hal_dma.o
 .debug_line    0x0000000000006614      0xb3f ./Drivers/STM32F3xx_HAL_Driver/Src/stm32f3xx_hal_gpio.o
 .debug_line    0x0000000000007153     0x13ce ./Drivers/STM32F3xx_HAL_Driver/Src/stm32f3xx_hal_rcc.o
 .debug_line    0x0000000000008521     0x30b8 ./Drivers/STM32F3xx_HAL_Driver/Src/stm32f3xx_hal_uart.o
 .debug_line    0x000000000000b5d9      0xb6b ./Drivers/STM32F3xx_HAL_Driver/Src/stm32f3xx_hal_uart_ex.o

.debug_str      0x0000000000000000    0x9d29b
 .debug_str     0x0000000000000000    0x9a55e ./Core/Inc/xprintf.o
                                      0x9a892 (size before relaxing)
 .debug_str     0x000000000009a55e      0xf37 ./Core/Src/main.o
                                      0x9b6b0 (size before relaxing)
 .debug_str     0x000000000009b495      0x12e ./Core/Src/stm32f3xx_hal_msp.o
                                      0x97b8c (size before relaxing)
 .debug_str     0x000000000009b5c3      0x12e ./Core/Src/stm32f3xx_it.o
                                      0x977f0 (size before relaxing)
 .debug_str     0x000000000009b6f1       0xdf ./Core/Src/system_stm32f3xx.o
                                      0x97061 (size before relaxing)
 .debug_str     0x000000000009b7d0       0x34 ./Core/Startup/startup_stm32f303k8tx.o
                                         0x6c (size before relaxing)
 .debug_str     0x000000000009b804      0x397 ./Drivers/STM32F3xx_HAL_Driver/Src/stm32f3xx_hal.o
                                      0x97751 (size before relaxing)
 .debug_str     0x000000000009bb9b      0x46c ./Drivers/STM32F3xx_HAL_Driver/Src/stm32f3xx_hal_can.o
                                      0x977e8 (size before relaxing)
 .debug_str     0x000000000009c007      0x218 ./Drivers/STM32F3xx_HAL_Driver/Src/stm32f3xx_hal_cortex.o
                                      0x97676 (size before relaxing)
 .debug_str     0x000000000009c21f      0x21e ./Drivers/STM32F3xx_HAL_Driver/Src/stm32f3xx_hal_dma.o
                                      0x973a9 (size before relaxing)
 .debug_str     0x000000000009c43d      0x1bb ./Drivers/STM32F3xx_HAL_Driver/Src/stm32f3xx_hal_gpio.o
                                      0x97240 (size before relaxing)
 .debug_str     0x000000000009c5f8      0x2c3 ./Drivers/STM32F3xx_HAL_Driver/Src/stm32f3xx_hal_rcc.o
                                      0x97501 (size before relaxing)
 .debug_str     0x000000000009c8bb      0x81f ./Drivers/STM32F3xx_HAL_Driver/Src/stm32f3xx_hal_uart.o
                                      0x97d84 (size before relaxing)
 .debug_str     0x000000000009d0da      0x1c1 ./Drivers/STM32F3xx_HAL_Driver/Src/stm32f3xx_hal_uart_ex.o
                                      0x97689 (size before relaxing)

.debug_frame    0x0000000000000000     0x2468
 .debug_frame   0x0000000000000000      0x278 ./Core/Inc/xprintf.o
 .debug_frame   0x0000000000000278      0x110 ./Core/Src/main.o
 .debug_frame   0x0000000000000388       0xc8 ./Core/Src/stm32f3xx_hal_msp.o
 .debug_frame   0x0000000000000450      0x158 ./Core/Src/stm32f3xx_it.o
 .debug_frame   0x00000000000005a8       0x58 ./Core/Src/system_stm32f3xx.o
 .debug_frame   0x0000000000000600      0x334 ./Drivers/STM32F3xx_HAL_Driver/Src/stm32f3xx_hal.o
 .debug_frame   0x0000000000000934      0x5a0 ./Drivers/STM32F3xx_HAL_Driver/Src/stm32f3xx_hal_can.o
 .debug_frame   0x0000000000000ed4      0x428 ./Drivers/STM32F3xx_HAL_Driver/Src/stm32f3xx_hal_cortex.o
 .debug_frame   0x00000000000012fc      0x224 ./Drivers/STM32F3xx_HAL_Driver/Src/stm32f3xx_hal_dma.o
 .debug_frame   0x0000000000001520      0x14c ./Drivers/STM32F3xx_HAL_Driver/Src/stm32f3xx_hal_gpio.o
 .debug_frame   0x000000000000166c      0x214 ./Drivers/STM32F3xx_HAL_Driver/Src/stm32f3xx_hal_rcc.o
 .debug_frame   0x0000000000001880      0x9e8 ./Drivers/STM32F3xx_HAL_Driver/Src/stm32f3xx_hal_uart.o
 .debug_frame   0x0000000000002268      0x1b4 ./Drivers/STM32F3xx_HAL_Driver/Src/stm32f3xx_hal_uart_ex.o
 .debug_frame   0x000000000000241c       0x20 C:/ST/STM32CubeIDE_1.13.0/STM32CubeIDE/plugins/com.st.stm32cube.ide.mcu.externaltools.gnu-tools-for-stm32.11.3.rel1.win32_1.1.0.202305231506/tools/bin/../lib/gcc/arm-none-eabi/11.3.1/../../../../arm-none-eabi/lib/thumb/v7e-m+fp/hard\libc_nano.a(libc_a-memset.o)
 .debug_frame   0x000000000000243c       0x2c C:/ST/STM32CubeIDE_1.13.0/STM32CubeIDE/plugins/com.st.stm32cube.ide.mcu.externaltools.gnu-tools-for-stm32.11.3.rel1.win32_1.1.0.202305231506/tools/bin/../lib/gcc/arm-none-eabi/11.3.1/../../../../arm-none-eabi/lib/thumb/v7e-m+fp/hard\libc_nano.a(libc_a-init.o)

.debug_line_str
                0x0000000000000000       0x60
 .debug_line_str
                0x0000000000000000       0x60 ./Core/Startup/startup_stm32f303k8tx.o
                                         0x78 (size before relaxing)
