22:04:11 **** インクリメンタル・ビルド of configuration Debug for project can ****
make -j12 all 
arm-none-eabi-gcc "../Core/Src/main.c" -mcpu=cortex-m4 -std=gnu11 -g3 -DDEBUG -DUSE_HAL_DRIVER -DSTM32F303x8 -c -I../Core/Inc -I../Drivers/STM32F3xx_HAL_Driver/Inc -I../Drivers/STM32F3xx_HAL_Driver/Inc/Legacy -I../Drivers/CMSIS/Device/ST/STM32F3xx/Include -I../Drivers/CMSIS/Include -O0 -ffunction-sections -fdata-sections -Wall -fstack-usage -fcyclomatic-complexity -MMD -MP -MF"Core/Src/main.d" -MT"Core/Src/main.o" --specs=nano.specs -mfpu=fpv4-sp-d16 -mfloat-abi=hard -mthumb -o "Core/Src/main.o"
arm-none-eabi-g++ -o "can.elf" @"objects.list"   -mcpu=cortex-m4 -T"C:\Users\hamuc\STM32CubeIDE\workspace_1.13.0\can\STM32F303K8TX_FLASH.ld" --specs=nosys.specs -Wl,-Map="can.map" -Wl,--gc-sections -static --specs=nano.specs -mfpu=fpv4-sp-d16 -mfloat-abi=hard -mthumb -Wl,--start-group -lc -lm -lstdc++ -lsupc++ -Wl,--end-group
Finished building target: can.elf
 
arm-none-eabi-size   can.elf 
arm-none-eabi-objdump -h -S  can.elf  > "can.list"
   text	   data	    bss	    dec	    hex	filename
  19332	    100	   2236	  21668	   54a4	can.elf
Finished building: default.size.stdout
 
Finished building: can.list
 
22:04:22 **** インクリメンタル・ビルド of configuration Debug for project can ****
make -j12 all 
arm-none-eabi-size   can.elf 
   text	   data	    bss	    dec	    hex	filename
  19332	    100	   2236	  21668	   54a4	can.elf
Finished building: default.size.stdout
 
22:20:56 **** インクリメンタル・ビルド of configuration Debug for project can ****
make -j12 all 
arm-none-eabi-gcc "../Core/Src/main.c" -mcpu=cortex-m4 -std=gnu11 -g3 -DDEBUG -DUSE_HAL_DRIVER -DSTM32F303x8 -c -I../Core/Inc -I../Drivers/STM32F3xx_HAL_Driver/Inc -I../Drivers/STM32F3xx_HAL_Driver/Inc/Legacy -I../Drivers/CMSIS/Device/ST/STM32F3xx/Include -I../Drivers/CMSIS/Include -O0 -ffunction-sections -fdata-sections -Wall -fstack-usage -fcyclomatic-complexity -MMD -MP -MF"Core/Src/main.d" -MT"Core/Src/main.o" --specs=nano.specs -mfpu=fpv4-sp-d16 -mfloat-abi=hard -mthumb -o "Core/Src/main.o"
arm-none-eabi-g++ -o "can.elf" @"objects.list"   -mcpu=cortex-m4 -T"C:\Users\hamuc\STM32CubeIDE\workspace_1.13.0\can\STM32F303K8TX_FLASH.ld" --specs=nosys.specs -Wl,-Map="can.map" -Wl,--gc-sections -static --specs=nano.specs -mfpu=fpv4-sp-d16 -mfloat-abi=hard -mthumb -Wl,--start-group -lc -lm -lstdc++ -lsupc++ -Wl,--end-group
Finished building target: can.elf
 
arm-none-eabi-size   can.elf 
arm-none-eabi-objdump -h -S  can.elf  > "can.list"
   text	   data	    bss	    dec	    hex	filename
  19328	    100	   2236	  21664	   54a0	can.elf
Finished building: default.size.stdout
 
Finished building: can.list
 
